// Jest Snapshot v1, https://goo.gl/fbAQLP

exports[`Reders tests Render Message component 1`] = `<div />`;
